Type   MyType_1
   Type   integer

Type   MyType_2
   Type   integer

Type   MyType_3
   DynArray   
   Type   integer

Type   MyType_4
   Array   1   6
   string   50

Var   Arr
   DynArray   
   Type   integer

Var   Arr_2
   Array   1   6
   string   50
   qwe
   rty
   asd
   fgh
   zxc
   vbn

