Var   a
   Array   1   2
   DynArray   
   string   
   Hello
   World

