Fatal: Syntax error, "of" expected but "integer" found
