Fatal: Syntax error, "=" expected but "qwe" found in Line 1 Column 8
