Const	a
10

Const	b
15

Const	c
   a
-
   b

Var	arr
Array	
c
   b
+
   a
Type	integer

