Var   a
   Record
      Var   a
         Type   integer

      Var   b
         Type   double

   End

