Function   a   2
   Var   a
      Type   integer

   Var   Result
      Type   integer

   begin
   end

