Fatal: Syntax error, "identifier" expected but "array" found in Line 2 Column 5
