Error: Const Expression expected. Line 4 Column 21
