Error: Const Expression expected. Line 3 Column 20
