Error: Const Expression expected. Line 8 Column 17
