Fatal: Syntax error, "of" expected but "integer" found in Line 1 Column 15
