Error: Const Expression expected. Line 2 Column 12
