Error: Incompatible Types. Expected "Integer" but "Char" found. Line 6 Column 5
