Fatal: Syntax error, "do" expected but "begin" found in Line 3 Column 29
