Fatal: Syntax error, "." expected but ";" found in Line 9 Column 4
