Fatal: Syntax error, "BEGIN" expected but ")" found
