Fatal: Syntax error, ";" expected but "b" found in Line 3 Column 5
