Fatal: Syntax error, ";" expected but "b" found in Line 2 Column 7
