Fatal: Syntax error, "then" expected but ";" found
