Fatal: Syntax error, "end" expected but "else" found in Line 1 Column 21
