1	1	real_value	1.1
2	1	real_value	1e-1
3	1	real_value	1e+1
