Incorrect Float Number in Line 1 Column 1. There is no number after point
