1	1	string_value	
1	4	string_value	
1	7	string_value	
1	10	string_value	
Unexpected EOF in Line 1 Column 1
