begin
   until
         10
      >
         b
   repeat
         50
      :=
         a
end
