begin
   while
         b
      =
         a
   do
      begin
      end
end
