begin
   case
   a
         2
      :=
         a
         3
      :=
         a
            10
         xor
            10
      :=
         a
end
