begin
   if
         b
      =
         a
   then
         a
      :=
         b
end
