begin
      10
   :=
         1
      []
            1
         []
            a
end
