         a
      .
         b
   []
            c
         .
            b
      []
         d
:=
         d
      .
            c
         .
            b
   []
      a
