      100000
   *
         c
      +
         b
+
   a
