      e
   and
      d
or
      c
   xor
         b
      or
         a
