   e
and
      d
   div
         c
      div
            b
         div
            a
