   c
[]
      2
   []
         b
      []
            a
         []
               2
            []
                  1
               []
                  a
