Error: Incompatible Types. Expected "Boolean" but "Integer" found. Line 4 Column 12
