Error: Incompatible Types. Expected "Integer" but "Double" found. Line 7 Column 13
