Error: Incompatible Types. Expected "Double" but "Untyped" found. Line 3 Column 19
