Error: Incompatible Types. Expected "Integer" but "Boolean" found. Line 5 Column 12
