Error: Incompatible Types. Expected "Boolean" but "Untyped" found. Line 5 Column 11
